Adobe Acrobat Reader DC - Français;20.980.20074;OK - MUST BE INSTALLED;/sAll
Mozilla Firefox 99.0 (x64 fr);99.0;OK - MUST BE INSTALLED;-ms
Dummy;3.a.11;OK - NEW APPLICATION MUST BE INSTALLED (EVEN IN CASE OF ERRONEOUS VERSION ID;
